exports[`S-09-038 > inactive edit form mode > is draggable #0`] =
{
  "snapshot": "Consent Of Subject"
};
